{
  "exclude": {
    "files": "^.secrets.baseline$",
    "lines": null
  },
  "generated_at": "2025-10-20T03:21:47Z",
  "plugins_used": [
    {
      "name": "AWSKeyDetector"
    },
    {
      "name": "ArtifactoryDetector"
    },
    {
      "name": "AzureStorageKeyDetector"
    },
    {
      "base64_limit": 4.5,
      "name": "Base64HighEntropyString"
    },
    {
      "name": "BasicAuthDetector"
    },
    {
      "name": "BoxDetector"
    },
    {
      "name": "CloudantDetector"
    },
    {
      "ghe_instance": "github.ibm.com",
      "name": "GheDetector"
    },
    {
      "name": "GitHubTokenDetector"
    },
    {
      "hex_limit": 3,
      "name": "HexHighEntropyString"
    },
    {
      "name": "IbmCloudIamDetector"
    },
    {
      "name": "IbmCosHmacDetector"
    },
    {
      "name": "JwtTokenDetector"
    },
    {
      "keyword_exclude": null,
      "name": "KeywordDetector"
    },
    {
      "name": "MailchimpDetector"
    },
    {
      "name": "NpmDetector"
    },
    {
      "name": "PrivateKeyDetector"
    },
    {
      "name": "SlackDetector"
    },
    {
      "name": "SoftlayerDetector"
    },
    {
      "name": "SquareOAuthDetector"
    },
    {
      "name": "StripeDetector"
    },
    {
      "name": "TwilioKeyDetector"
    }
  ],
  "results": {
    "README.md": [
      {
        "hashed_secret": "36c3eaa0e1e290f41e2810bae8d9502c785e92d9",
        "is_secret": false,
        "is_verified": false,
        "line_number": 39,
        "type": "Secret Keyword",
        "verified_result": null
      }
    ],
    "altk/core/llm/README.md": [
      {
        "hashed_secret": "fff76c4269131e2b7f7435a21d6422fef151fe47",
        "is_secret": false,
        "is_verified": false,
        "line_number": 35,
        "type": "Secret Keyword",
        "verified_result": null
      },
      {
        "hashed_secret": "564ebc60b68d53b27c630da8736bd88846baceb8",
        "is_secret": false,
        "is_verified": false,
        "line_number": 80,
        "type": "Secret Keyword",
        "verified_result": null
      },
      {
        "hashed_secret": "36c3eaa0e1e290f41e2810bae8d9502c785e92d9",
        "is_secret": false,
        "is_verified": false,
        "line_number": 87,
        "type": "Secret Keyword",
        "verified_result": null
      },
      {
        "hashed_secret": "6eae3a5b062c6d0d79f070c26e6d62486b40cb46",
        "is_secret": false,
        "is_verified": false,
        "line_number": 217,
        "type": "Secret Keyword",
        "verified_result": null
      },
      {
        "hashed_secret": "6d9c68c603e465077bdd49c62347fe54717f83a3",
        "is_secret": false,
        "is_verified": false,
        "line_number": 363,
        "type": "Secret Keyword",
        "verified_result": null
      },
      {
        "hashed_secret": "df316e17de9c36858417ba18e0da4da282dea84a",
        "is_secret": false,
        "is_verified": false,
        "line_number": 519,
        "type": "Secret Keyword",
        "verified_result": null
      }
    ],
    "altk/core/llm/providers/consts.py": [
      {
        "hashed_secret": "a9667fff6d90f827c87642c1701c98c3d4efa66a",
        "is_secret": false,
        "is_verified": false,
        "line_number": 1,
        "type": "Secret Keyword",
        "verified_result": null
      },
      {
        "hashed_secret": "b674caa74800115f975883bb089b5be7f04ee3a8",
        "is_secret": false,
        "is_verified": false,
        "line_number": 4,
        "type": "Secret Keyword",
        "verified_result": null
      }
    ],
    "altk/post_tool/examples/codegen_getting_started.ipynb": [
      {
        "hashed_secret": "825d2d3140c938e0824228fdbdffc36b1fffd8d2",
        "is_secret": false,
        "is_verified": false,
        "line_number": 1159,
        "type": "Secret Keyword",
        "verified_result": null
      }
    ],
    "altk/post_tool/rag_repair/README.md": [
      {
        "hashed_secret": "e253731ea5c795b60f81485cb343a8b7f913ff3f",
        "is_secret": false,
        "is_verified": false,
        "line_number": 92,
        "type": "Secret Keyword",
        "verified_result": null
      }
    ],
    "altk/pre_tool/pre_tool_guard/README.md": [
      {
        "hashed_secret": "7c3785d641e675d364af6d21386a3571d77e5cb4",
        "is_secret": false,
        "is_verified": false,
        "line_number": 25,
        "type": "Secret Keyword",
        "verified_result": null
      }
    ],
    "examples/.env.example": [
      {
        "hashed_secret": "d08f88df745fa7950b104e4a707a31cfce7b5841",
        "is_secret": false,
        "is_verified": false,
        "line_number": 22,
        "type": "Secret Keyword",
        "verified_result": null
      }
    ],
    "examples/refraction_getting_started.ipynb": [
      {
        "hashed_secret": "a3dbdc9594fcfb1f065c11f82f5a23dc8ba63c4a",
        "is_secret": false,
        "is_verified": false,
        "line_number": 493,
        "type": "Hex High Entropy String",
        "verified_result": null
      },
      {
        "hashed_secret": "58d0094a625201f595597bbd7eb79e468d9536e2",
        "is_secret": false,
        "is_verified": false,
        "line_number": 545,
        "type": "Hex High Entropy String",
        "verified_result": null
      },
      {
        "hashed_secret": "4ca5de6a52549fca72bef60666fcec01d41253e7",
        "is_secret": false,
        "is_verified": false,
        "line_number": 597,
        "type": "Hex High Entropy String",
        "verified_result": null
      },
      {
        "hashed_secret": "23b4fbe1f3ac051914c7aa018d5857179127d877",
        "is_secret": false,
        "is_verified": false,
        "line_number": 613,
        "type": "Hex High Entropy String",
        "verified_result": null
      },
      {
        "hashed_secret": "7045e9a0ab5d6feca308a3c29e81b0fe6786b9cd",
        "is_secret": false,
        "is_verified": false,
        "line_number": 635,
        "type": "Hex High Entropy String",
        "verified_result": null
      },
      {
        "hashed_secret": "7486e466d2f752ac6739e35c9a27725a17ab96f0",
        "is_secret": false,
        "is_verified": false,
        "line_number": 687,
        "type": "Hex High Entropy String",
        "verified_result": null
      },
      {
        "hashed_secret": "0fded770e52a275fc29e62734b57a1884b858b08",
        "is_secret": false,
        "is_verified": false,
        "line_number": 708,
        "type": "Hex High Entropy String",
        "verified_result": null
      },
      {
        "hashed_secret": "a9b7f982200bb3f04beb04bbb3628cb0775fe99a",
        "is_secret": false,
        "is_verified": false,
        "line_number": 760,
        "type": "Hex High Entropy String",
        "verified_result": null
      },
      {
        "hashed_secret": "37fdac2ebe150c66a911159a839cbb66d4b3d147",
        "is_secret": false,
        "is_verified": false,
        "line_number": 781,
        "type": "Hex High Entropy String",
        "verified_result": null
      },
      {
        "hashed_secret": "cb8b088f21f8287081cbd4df47c9734d72feff57",
        "is_secret": false,
        "is_verified": false,
        "line_number": 802,
        "type": "Hex High Entropy String",
        "verified_result": null
      },
      {
        "hashed_secret": "ab036c4fc4cb3a50f538abfe586fd823342def27",
        "is_secret": false,
        "is_verified": false,
        "line_number": 817,
        "type": "Hex High Entropy String",
        "verified_result": null
      },
      {
        "hashed_secret": "ac890ff65bced5136b425a6afc53b35ea944a691",
        "is_secret": false,
        "is_verified": false,
        "line_number": 869,
        "type": "Hex High Entropy String",
        "verified_result": null
      },
      {
        "hashed_secret": "3baefbc6334501c23f027a454039eab5c241c2d2",
        "is_secret": false,
        "is_verified": false,
        "line_number": 893,
        "type": "Hex High Entropy String",
        "verified_result": null
      },
      {
        "hashed_secret": "f216c303bcec8e8323b44c4900fc50ed69a91c23",
        "is_secret": false,
        "is_verified": false,
        "line_number": 917,
        "type": "Hex High Entropy String",
        "verified_result": null
      },
      {
        "hashed_secret": "f99ffd529c77857490427246a2b612078a04d9f3",
        "is_secret": false,
        "is_verified": false,
        "line_number": 969,
        "type": "Hex High Entropy String",
        "verified_result": null
      },
      {
        "hashed_secret": "c503d2609e299c8d994301ba3b05f275fc9cd326",
        "is_secret": false,
        "is_verified": false,
        "line_number": 1021,
        "type": "Hex High Entropy String",
        "verified_result": null
      },
      {
        "hashed_secret": "ae010bf5571950fcbb339bed189ad6cd07b47fa1",
        "is_secret": false,
        "is_verified": false,
        "line_number": 1073,
        "type": "Hex High Entropy String",
        "verified_result": null
      },
      {
        "hashed_secret": "4e318b6d726cfb2d085fd2231d200cadcffddea3",
        "is_secret": false,
        "is_verified": false,
        "line_number": 1095,
        "type": "Hex High Entropy String",
        "verified_result": null
      },
      {
        "hashed_secret": "278f6c694e9cb7c63ba8b6d1df53b884ad57a68f",
        "is_secret": false,
        "is_verified": false,
        "line_number": 1116,
        "type": "Hex High Entropy String",
        "verified_result": null
      },
      {
        "hashed_secret": "119bd81399131340266d8d0dd575841e2d1cd14c",
        "is_secret": false,
        "is_verified": false,
        "line_number": 1137,
        "type": "Hex High Entropy String",
        "verified_result": null
      },
      {
        "hashed_secret": "3a49f198bd9257eaa9101f29e0e79e7577bc2a5e",
        "is_secret": false,
        "is_verified": false,
        "line_number": 1152,
        "type": "Hex High Entropy String",
        "verified_result": null
      },
      {
        "hashed_secret": "245fbf5a3e7d8cd055131c7cd055192e83d7b9d5",
        "is_secret": false,
        "is_verified": false,
        "line_number": 1204,
        "type": "Hex High Entropy String",
        "verified_result": null
      },
      {
        "hashed_secret": "f2393a91775d760511bc8491a1a449d70456b29c",
        "is_secret": false,
        "is_verified": false,
        "line_number": 1228,
        "type": "Hex High Entropy String",
        "verified_result": null
      },
      {
        "hashed_secret": "e3cc4b9fed66b67b32cad868c0de67e48be4ea40",
        "is_secret": false,
        "is_verified": false,
        "line_number": 1280,
        "type": "Hex High Entropy String",
        "verified_result": null
      },
      {
        "hashed_secret": "f648a9576f72e4609b7011dfd03747d1bf44dc22",
        "is_secret": false,
        "is_verified": false,
        "line_number": 1332,
        "type": "Hex High Entropy String",
        "verified_result": null
      },
      {
        "hashed_secret": "45f2c741c9f14c9eaec9ddc04ff14ad891841154",
        "is_secret": false,
        "is_verified": false,
        "line_number": 1354,
        "type": "Hex High Entropy String",
        "verified_result": null
      },
      {
        "hashed_secret": "86ef6176464fcdfac5e4756221e5af56c0c90e2b",
        "is_secret": false,
        "is_verified": false,
        "line_number": 1369,
        "type": "Hex High Entropy String",
        "verified_result": null
      },
      {
        "hashed_secret": "3ea2371549e9bfcad58e627db75d2ea89031f272",
        "is_secret": false,
        "is_verified": false,
        "line_number": 1421,
        "type": "Hex High Entropy String",
        "verified_result": null
      },
      {
        "hashed_secret": "e70834530d553e8be018b098b7b180dca85f91ce",
        "is_secret": false,
        "is_verified": false,
        "line_number": 1443,
        "type": "Hex High Entropy String",
        "verified_result": null
      },
      {
        "hashed_secret": "2704d9c36cb3120aeb0c39819d25526d877c7b0d",
        "is_secret": false,
        "is_verified": false,
        "line_number": 1459,
        "type": "Hex High Entropy String",
        "verified_result": null
      },
      {
        "hashed_secret": "d66d644204c4819b5d52477370872ccf49f8217d",
        "is_secret": false,
        "is_verified": false,
        "line_number": 1480,
        "type": "Hex High Entropy String",
        "verified_result": null
      },
      {
        "hashed_secret": "ff5baa926d75366ca7f394087f2859c8cd41566a",
        "is_secret": false,
        "is_verified": false,
        "line_number": 1501,
        "type": "Hex High Entropy String",
        "verified_result": null
      },
      {
        "hashed_secret": "ae45b71d9aee7cee96c48f32cacaa9c34af47827",
        "is_secret": false,
        "is_verified": false,
        "line_number": 1516,
        "type": "Hex High Entropy String",
        "verified_result": null
      },
      {
        "hashed_secret": "e431ef3fb2def730f927f1965c57b94d9843043e",
        "is_secret": false,
        "is_verified": false,
        "line_number": 1538,
        "type": "Hex High Entropy String",
        "verified_result": null
      },
      {
        "hashed_secret": "284e0a134bec7069f7a972e5652e526157dd6887",
        "is_secret": false,
        "is_verified": false,
        "line_number": 1559,
        "type": "Hex High Entropy String",
        "verified_result": null
      },
      {
        "hashed_secret": "ccfbed5b7e92e87346ab25d97d30025caa0639b0",
        "is_secret": false,
        "is_verified": false,
        "line_number": 1575,
        "type": "Hex High Entropy String",
        "verified_result": null
      },
      {
        "hashed_secret": "6e874ffc480d018bd812cf483b87d7cb8e61d0b8",
        "is_secret": false,
        "is_verified": false,
        "line_number": 1590,
        "type": "Hex High Entropy String",
        "verified_result": null
      },
      {
        "hashed_secret": "3f1f019bc92a7492126048b15b44d70df6c50e93",
        "is_secret": false,
        "is_verified": false,
        "line_number": 1606,
        "type": "Hex High Entropy String",
        "verified_result": null
      },
      {
        "hashed_secret": "276b8041d07582175e2842a3c07c80b47faeefee",
        "is_secret": false,
        "is_verified": false,
        "line_number": 1621,
        "type": "Hex High Entropy String",
        "verified_result": null
      },
      {
        "hashed_secret": "58001f3945e3785c8253abd45c089e0ae7763a5b",
        "is_secret": false,
        "is_verified": false,
        "line_number": 1642,
        "type": "Hex High Entropy String",
        "verified_result": null
      },
      {
        "hashed_secret": "c034aa1e09a8cfe3247b60510f0bb857abfab90f",
        "is_secret": false,
        "is_verified": false,
        "line_number": 1663,
        "type": "Hex High Entropy String",
        "verified_result": null
      },
      {
        "hashed_secret": "1b95586d1c297a1df0dd8ec41c9e6bf565b9e556",
        "is_secret": false,
        "is_verified": false,
        "line_number": 1678,
        "type": "Hex High Entropy String",
        "verified_result": null
      },
      {
        "hashed_secret": "d3a86d985fc1df18bd45ec91936411941977675a",
        "is_secret": false,
        "is_verified": false,
        "line_number": 1730,
        "type": "Hex High Entropy String",
        "verified_result": null
      },
      {
        "hashed_secret": "2871a7e4bf0cdc7dca1de2f730a4415a439335bb",
        "is_secret": false,
        "is_verified": false,
        "line_number": 1751,
        "type": "Hex High Entropy String",
        "verified_result": null
      },
      {
        "hashed_secret": "eda78a5538ab556cc14792448cb7f24c6cc030f5",
        "is_secret": false,
        "is_verified": false,
        "line_number": 1775,
        "type": "Hex High Entropy String",
        "verified_result": null
      },
      {
        "hashed_secret": "8c10adeda28f4254d3421e6a7257b5ff30706752",
        "is_secret": false,
        "is_verified": false,
        "line_number": 1827,
        "type": "Hex High Entropy String",
        "verified_result": null
      },
      {
        "hashed_secret": "b4163c3f2f552bb02a76ccea6f473cd08afd599e",
        "is_secret": false,
        "is_verified": false,
        "line_number": 1879,
        "type": "Hex High Entropy String",
        "verified_result": null
      },
      {
        "hashed_secret": "ebbeeea7e2715f27a125aecf9032442fd9c9b410",
        "is_secret": false,
        "is_verified": false,
        "line_number": 1895,
        "type": "Hex High Entropy String",
        "verified_result": null
      },
      {
        "hashed_secret": "d16c2c4edb2762f2761e2c2e1886b41d87ed0633",
        "is_secret": false,
        "is_verified": false,
        "line_number": 1917,
        "type": "Hex High Entropy String",
        "verified_result": null
      },
      {
        "hashed_secret": "aac65ec5a69ec61343b824afebecdf3beb59b442",
        "is_secret": false,
        "is_verified": false,
        "line_number": 1939,
        "type": "Hex High Entropy String",
        "verified_result": null
      },
      {
        "hashed_secret": "76a67812b6f8bdd5b00ca141241f7a798f1f6a74",
        "is_secret": false,
        "is_verified": false,
        "line_number": 1991,
        "type": "Hex High Entropy String",
        "verified_result": null
      },
      {
        "hashed_secret": "7408d41ee7406da41bec21ff418dcd463973fa58",
        "is_secret": false,
        "is_verified": false,
        "line_number": 2007,
        "type": "Hex High Entropy String",
        "verified_result": null
      },
      {
        "hashed_secret": "ff782a58fea7521680677d036d7c014b4bab7754",
        "is_secret": false,
        "is_verified": false,
        "line_number": 2022,
        "type": "Hex High Entropy String",
        "verified_result": null
      },
      {
        "hashed_secret": "0e199b80045b4c0ab15ce06eab1d8e879ac5db75",
        "is_secret": false,
        "is_verified": false,
        "line_number": 2043,
        "type": "Hex High Entropy String",
        "verified_result": null
      },
      {
        "hashed_secret": "bb20e82dca5c4a53f92f0ef6cda97de27276e057",
        "is_secret": false,
        "is_verified": false,
        "line_number": 2095,
        "type": "Hex High Entropy String",
        "verified_result": null
      },
      {
        "hashed_secret": "3d7a37d5a8fb7549e6337dfdc3d10e9c1c1b9aa7",
        "is_secret": false,
        "is_verified": false,
        "line_number": 2116,
        "type": "Hex High Entropy String",
        "verified_result": null
      },
      {
        "hashed_secret": "f29f4d8c9b62e9081918606748abfc398be95cbe",
        "is_secret": false,
        "is_verified": false,
        "line_number": 2131,
        "type": "Hex High Entropy String",
        "verified_result": null
      },
      {
        "hashed_secret": "4adfcbb736743898df3eed42b27d9dcbeb69c2df",
        "is_secret": false,
        "is_verified": false,
        "line_number": 2146,
        "type": "Hex High Entropy String",
        "verified_result": null
      },
      {
        "hashed_secret": "1c72c5e053d374350478c8d11d4eaedd80e40a61",
        "is_secret": false,
        "is_verified": false,
        "line_number": 2198,
        "type": "Hex High Entropy String",
        "verified_result": null
      },
      {
        "hashed_secret": "f451cb53acc590849f813d8dfb5eaae9785ea563",
        "is_secret": false,
        "is_verified": false,
        "line_number": 2219,
        "type": "Hex High Entropy String",
        "verified_result": null
      },
      {
        "hashed_secret": "adde7ff7059a646be425b940fd00ad8ac424eb48",
        "is_secret": false,
        "is_verified": false,
        "line_number": 2236,
        "type": "Base64 High Entropy String",
        "verified_result": null
      },
      {
        "hashed_secret": "48b7c1474391897b588bbaea5223d6fb465788e7",
        "is_secret": false,
        "is_verified": false,
        "line_number": 2241,
        "type": "Hex High Entropy String",
        "verified_result": null
      },
      {
        "hashed_secret": "aa1fddb4cc3c28ff58338dfd6af69166f581ab66",
        "is_secret": false,
        "is_verified": false,
        "line_number": 2257,
        "type": "Hex High Entropy String",
        "verified_result": null
      },
      {
        "hashed_secret": "ba2fe8e4543f3c765c0f2db8c630c2f2e2cd445b",
        "is_secret": false,
        "is_verified": false,
        "line_number": 2278,
        "type": "Hex High Entropy String",
        "verified_result": null
      },
      {
        "hashed_secret": "21442bda937ae9c7637a0bf1b361fa6dae28a8ad",
        "is_secret": false,
        "is_verified": false,
        "line_number": 2330,
        "type": "Hex High Entropy String",
        "verified_result": null
      },
      {
        "hashed_secret": "f9a6395f0130f1d2eb67d1bfb5b62f7ef776156a",
        "is_secret": false,
        "is_verified": false,
        "line_number": 2382,
        "type": "Hex High Entropy String",
        "verified_result": null
      },
      {
        "hashed_secret": "551882822835e8da808c1a1741e06d0d5de64dbb",
        "is_secret": false,
        "is_verified": false,
        "line_number": 2406,
        "type": "Hex High Entropy String",
        "verified_result": null
      },
      {
        "hashed_secret": "c4a674f74167b90d7126b25656edb469e1a826cb",
        "is_secret": false,
        "is_verified": false,
        "line_number": 2458,
        "type": "Hex High Entropy String",
        "verified_result": null
      },
      {
        "hashed_secret": "9ff931e27de3bda63135695aac7a03b8a8101e5b",
        "is_secret": false,
        "is_verified": false,
        "line_number": 2510,
        "type": "Hex High Entropy String",
        "verified_result": null
      },
      {
        "hashed_secret": "89af842f9d826d6bc2fd19bb0899980d0efd9f0c",
        "is_secret": false,
        "is_verified": false,
        "line_number": 2562,
        "type": "Hex High Entropy String",
        "verified_result": null
      },
      {
        "hashed_secret": "8ae563c36032b102f31567eff8a78fecb6c5a436",
        "is_secret": false,
        "is_verified": false,
        "line_number": 2583,
        "type": "Hex High Entropy String",
        "verified_result": null
      },
      {
        "hashed_secret": "6cfeff085c7122d9a080574b1a3a330460ab4984",
        "is_secret": false,
        "is_verified": false,
        "line_number": 2598,
        "type": "Hex High Entropy String",
        "verified_result": null
      },
      {
        "hashed_secret": "c918e6a8151c2a39cbf8b659294b8e28f037b09b",
        "is_secret": false,
        "is_verified": false,
        "line_number": 2622,
        "type": "Hex High Entropy String",
        "verified_result": null
      },
      {
        "hashed_secret": "ade2751210448281783043f24641d823cb9b46d6",
        "is_secret": false,
        "is_verified": false,
        "line_number": 2674,
        "type": "Hex High Entropy String",
        "verified_result": null
      },
      {
        "hashed_secret": "a83339717f70233b4d21def4c9d68b19010cce57",
        "is_secret": false,
        "is_verified": false,
        "line_number": 2696,
        "type": "Hex High Entropy String",
        "verified_result": null
      },
      {
        "hashed_secret": "e9e9f3893af707564e9c0988b6399356b38f24ac",
        "is_secret": false,
        "is_verified": false,
        "line_number": 2711,
        "type": "Hex High Entropy String",
        "verified_result": null
      },
      {
        "hashed_secret": "ea8dbd864565a4d18d6c7a30d09537b31489d831",
        "is_secret": false,
        "is_verified": false,
        "line_number": 2763,
        "type": "Hex High Entropy String",
        "verified_result": null
      },
      {
        "hashed_secret": "4e52b84d89991174dc96083ab677dfc7764a8fb6",
        "is_secret": false,
        "is_verified": false,
        "line_number": 2778,
        "type": "Hex High Entropy String",
        "verified_result": null
      },
      {
        "hashed_secret": "7f14190990070d755fad5606b8491ae55b158140",
        "is_secret": false,
        "is_verified": false,
        "line_number": 2799,
        "type": "Hex High Entropy String",
        "verified_result": null
      },
      {
        "hashed_secret": "88ec674e579b00a4044479a2b74436da8fd46eba",
        "is_secret": false,
        "is_verified": false,
        "line_number": 2851,
        "type": "Hex High Entropy String",
        "verified_result": null
      },
      {
        "hashed_secret": "6e0a621c4cb363cde0f93cf47f73a66b4d75a608",
        "is_secret": false,
        "is_verified": false,
        "line_number": 2867,
        "type": "Hex High Entropy String",
        "verified_result": null
      },
      {
        "hashed_secret": "0fce81e1b07490c0425fb88ee9a393e978919ae6",
        "is_secret": false,
        "is_verified": false,
        "line_number": 2882,
        "type": "Hex High Entropy String",
        "verified_result": null
      },
      {
        "hashed_secret": "cf9e81b4391df4ec73f4aed6be93a9bef18ae688",
        "is_secret": false,
        "is_verified": false,
        "line_number": 2903,
        "type": "Hex High Entropy String",
        "verified_result": null
      },
      {
        "hashed_secret": "a0d589ba11cb6909929937cec6d8dbe33468c221",
        "is_secret": false,
        "is_verified": false,
        "line_number": 2955,
        "type": "Hex High Entropy String",
        "verified_result": null
      },
      {
        "hashed_secret": "278d465e3cfbdec3b7731174038cf8bc5158068c",
        "is_secret": false,
        "is_verified": false,
        "line_number": 2970,
        "type": "Hex High Entropy String",
        "verified_result": null
      },
      {
        "hashed_secret": "b52756f698c43301155f9229520b2d1b7bdb732b",
        "is_secret": false,
        "is_verified": false,
        "line_number": 3022,
        "type": "Hex High Entropy String",
        "verified_result": null
      },
      {
        "hashed_secret": "26f57a86e478bfcb9727943ca5f88c1fceae647a",
        "is_secret": false,
        "is_verified": false,
        "line_number": 3037,
        "type": "Hex High Entropy String",
        "verified_result": null
      },
      {
        "hashed_secret": "823db901d42c739a51c652f70c534513c7034882",
        "is_secret": false,
        "is_verified": false,
        "line_number": 3061,
        "type": "Hex High Entropy String",
        "verified_result": null
      },
      {
        "hashed_secret": "99a37530d865cb00febe600ba14569550b1f6544",
        "is_secret": false,
        "is_verified": false,
        "line_number": 3113,
        "type": "Hex High Entropy String",
        "verified_result": null
      },
      {
        "hashed_secret": "df973d33e10c4ef47179c311bce43c4e935d5ca1",
        "is_secret": false,
        "is_verified": false,
        "line_number": 3128,
        "type": "Hex High Entropy String",
        "verified_result": null
      },
      {
        "hashed_secret": "5806c84aeca9003a2573d30156c6d3e69640d7f2",
        "is_secret": false,
        "is_verified": false,
        "line_number": 3149,
        "type": "Hex High Entropy String",
        "verified_result": null
      },
      {
        "hashed_secret": "bc9766b56506e6b623bed95d9571052eefc6cbbe",
        "is_secret": false,
        "is_verified": false,
        "line_number": 3201,
        "type": "Hex High Entropy String",
        "verified_result": null
      },
      {
        "hashed_secret": "21498303882ce578bd2441cd474ef61143400208",
        "is_secret": false,
        "is_verified": false,
        "line_number": 3222,
        "type": "Hex High Entropy String",
        "verified_result": null
      },
      {
        "hashed_secret": "8d2ea9c2024e3ac669de711b3b3c7d694e6049d4",
        "is_secret": false,
        "is_verified": false,
        "line_number": 3274,
        "type": "Hex High Entropy String",
        "verified_result": null
      },
      {
        "hashed_secret": "d08aaf886540a9231d3a590e2fca2d03d9b0950c",
        "is_secret": false,
        "is_verified": false,
        "line_number": 3326,
        "type": "Hex High Entropy String",
        "verified_result": null
      },
      {
        "hashed_secret": "7d6791ef37fb752e6d752c40a8253ccf7a150c6b",
        "is_secret": false,
        "is_verified": false,
        "line_number": 3347,
        "type": "Hex High Entropy String",
        "verified_result": null
      },
      {
        "hashed_secret": "6cbe4353e21ab7c01eee04495166a8c6a1c54403",
        "is_secret": false,
        "is_verified": false,
        "line_number": 3371,
        "type": "Hex High Entropy String",
        "verified_result": null
      },
      {
        "hashed_secret": "5be05817b8cd241b3c5f54587cc9d6240ce4c97a",
        "is_secret": false,
        "is_verified": false,
        "line_number": 3423,
        "type": "Hex High Entropy String",
        "verified_result": null
      },
      {
        "hashed_secret": "1fd8b3b03d99ad5b630f6b1f97392467ae51fe2b",
        "is_secret": false,
        "is_verified": false,
        "line_number": 3439,
        "type": "Hex High Entropy String",
        "verified_result": null
      },
      {
        "hashed_secret": "34833cd0be3ddfce484101278eac97045a9781e1",
        "is_secret": false,
        "is_verified": false,
        "line_number": 3454,
        "type": "Hex High Entropy String",
        "verified_result": null
      },
      {
        "hashed_secret": "949642ff076ce78e3f2709e53599d7937bf067d5",
        "is_secret": false,
        "is_verified": false,
        "line_number": 3470,
        "type": "Hex High Entropy String",
        "verified_result": null
      },
      {
        "hashed_secret": "899eed7653c7ebb65f77a1d73dff3a2aeb8f7f18",
        "is_secret": false,
        "is_verified": false,
        "line_number": 3522,
        "type": "Hex High Entropy String",
        "verified_result": null
      },
      {
        "hashed_secret": "014ffd5d9d83ce2dc682d2d87323ac09d1215b09",
        "is_secret": false,
        "is_verified": false,
        "line_number": 3543,
        "type": "Hex High Entropy String",
        "verified_result": null
      },
      {
        "hashed_secret": "5e0fb92660535e810f59da788d0a8f4403837f63",
        "is_secret": false,
        "is_verified": false,
        "line_number": 3567,
        "type": "Hex High Entropy String",
        "verified_result": null
      },
      {
        "hashed_secret": "45ed75f9638a2fff4fe27081799d8a3e0c3ac1e2",
        "is_secret": false,
        "is_verified": false,
        "line_number": 3619,
        "type": "Hex High Entropy String",
        "verified_result": null
      },
      {
        "hashed_secret": "2117701fba267a61ec19f01ad1b0c16e7a165d5c",
        "is_secret": false,
        "is_verified": false,
        "line_number": 3671,
        "type": "Hex High Entropy String",
        "verified_result": null
      },
      {
        "hashed_secret": "4fedbaec2394b476a92ef88a382df31e3aa17cc7",
        "is_secret": false,
        "is_verified": false,
        "line_number": 3723,
        "type": "Hex High Entropy String",
        "verified_result": null
      },
      {
        "hashed_secret": "44ef9ce7dfeafb4da6c81d766aebfba0ede9db50",
        "is_secret": false,
        "is_verified": false,
        "line_number": 3775,
        "type": "Hex High Entropy String",
        "verified_result": null
      },
      {
        "hashed_secret": "d41a237b291378f3b03e178542bc217b8aca5f70",
        "is_secret": false,
        "is_verified": false,
        "line_number": 3827,
        "type": "Hex High Entropy String",
        "verified_result": null
      },
      {
        "hashed_secret": "2515df556dbd8563933c308dd36f08824d583d50",
        "is_secret": false,
        "is_verified": false,
        "line_number": 3879,
        "type": "Hex High Entropy String",
        "verified_result": null
      },
      {
        "hashed_secret": "a9f16b923bbfc714485124219568f0daae460ff0",
        "is_secret": false,
        "is_verified": false,
        "line_number": 3931,
        "type": "Hex High Entropy String",
        "verified_result": null
      },
      {
        "hashed_secret": "406df23025336b4c5d34dab5f8c1dba91c42a9bf",
        "is_secret": false,
        "is_verified": false,
        "line_number": 3955,
        "type": "Hex High Entropy String",
        "verified_result": null
      },
      {
        "hashed_secret": "2e1d4d94cb1e5fb6851429ba1afe46c7b930aaa1",
        "is_secret": false,
        "is_verified": false,
        "line_number": 3970,
        "type": "Hex High Entropy String",
        "verified_result": null
      },
      {
        "hashed_secret": "1ecbdfa11ae1514cf16a356fac3e45f93b4d3926",
        "is_secret": false,
        "is_verified": false,
        "line_number": 3992,
        "type": "Hex High Entropy String",
        "verified_result": null
      },
      {
        "hashed_secret": "c2c01bb4a0845125d7fc9ef54cc20213b8b5fd0d",
        "is_secret": false,
        "is_verified": false,
        "line_number": 4044,
        "type": "Hex High Entropy String",
        "verified_result": null
      },
      {
        "hashed_secret": "4f0a96550492c6430db7ded8f342b75cc60b9d18",
        "is_secret": false,
        "is_verified": false,
        "line_number": 4066,
        "type": "Hex High Entropy String",
        "verified_result": null
      },
      {
        "hashed_secret": "103602e565349579732208355a7ee13f77b021f0",
        "is_secret": false,
        "is_verified": false,
        "line_number": 4081,
        "type": "Hex High Entropy String",
        "verified_result": null
      },
      {
        "hashed_secret": "8f357d9adfa82e5d3297166f23b1e471d4aac6cf",
        "is_secret": false,
        "is_verified": false,
        "line_number": 4133,
        "type": "Hex High Entropy String",
        "verified_result": null
      },
      {
        "hashed_secret": "9c15f38c7ae7bba8c522d6824e4d795b1697c755",
        "is_secret": false,
        "is_verified": false,
        "line_number": 4148,
        "type": "Hex High Entropy String",
        "verified_result": null
      },
      {
        "hashed_secret": "94bcfe6d6b59908f0444062906c400eb623f59d8",
        "is_secret": false,
        "is_verified": false,
        "line_number": 4163,
        "type": "Hex High Entropy String",
        "verified_result": null
      },
      {
        "hashed_secret": "01745bba725c0a199ee7a9816eae5270604e88c7",
        "is_secret": false,
        "is_verified": false,
        "line_number": 4179,
        "type": "Hex High Entropy String",
        "verified_result": null
      },
      {
        "hashed_secret": "95c0cd7140d9a62cc3fdf1cf3af6f8b72e755ea9",
        "is_secret": false,
        "is_verified": false,
        "line_number": 4203,
        "type": "Hex High Entropy String",
        "verified_result": null
      }
    ],
    "examples/silent_review.ipynb": [
      {
        "hashed_secret": "36c3eaa0e1e290f41e2810bae8d9502c785e92d9",
        "is_secret": false,
        "is_verified": false,
        "line_number": 44,
        "type": "Secret Keyword",
        "verified_result": null
      }
    ],
    "tests/core/README.md": [
      {
        "hashed_secret": "c6bebac7ac267cd09b766423e74551efde2e8fc5",
        "is_secret": false,
        "is_verified": false,
        "line_number": 166,
        "type": "Secret Keyword",
        "verified_result": null
      },
      {
        "hashed_secret": "2c27a764c5ad4325f1624fb5c5b4ff76fa8c7cf7",
        "is_secret": false,
        "is_verified": false,
        "line_number": 173,
        "type": "Secret Keyword",
        "verified_result": null
      }
    ],
    "tests/utils/refraction/data/test_step_by_step_no_memory.json": [
      {
        "hashed_secret": "8eb74fa0678432f5cf828b4ca7401e6ee0e421df",
        "is_secret": false,
        "is_verified": false,
        "line_number": 9037,
        "type": "Base64 High Entropy String",
        "verified_result": null
      },
      {
        "hashed_secret": "375f5761023f9ba445ac7e54836b276bae51ee39",
        "is_secret": false,
        "is_verified": false,
        "line_number": 9581,
        "type": "Base64 High Entropy String",
        "verified_result": null
      },
      {
        "hashed_secret": "a829a4d064e5823b3638fee4469c249ec6aa7df2",
        "is_secret": false,
        "is_verified": false,
        "line_number": 9746,
        "type": "Base64 High Entropy String",
        "verified_result": null
      },
      {
        "hashed_secret": "c5768982bbc7b10a0972d97a1d84d66256a572b3",
        "is_secret": false,
        "is_verified": false,
        "line_number": 9906,
        "type": "Base64 High Entropy String",
        "verified_result": null
      },
      {
        "hashed_secret": "4ad71080e1c028ceaa013a388087c8b04eea37d1",
        "is_secret": false,
        "is_verified": false,
        "line_number": 10076,
        "type": "Base64 High Entropy String",
        "verified_result": null
      },
      {
        "hashed_secret": "79242db66b86803f4820a166e6e16bfe95ec90c8",
        "is_secret": false,
        "is_verified": false,
        "line_number": 10241,
        "type": "Base64 High Entropy String",
        "verified_result": null
      },
      {
        "hashed_secret": "044ad63fdfc81e3e9b545da1ac2b90f20cceaeae",
        "is_secret": false,
        "is_verified": false,
        "line_number": 10406,
        "type": "Base64 High Entropy String",
        "verified_result": null
      },
      {
        "hashed_secret": "266d7e95518e2411192524f582acb4da797bcc8b",
        "is_secret": false,
        "is_verified": false,
        "line_number": 10576,
        "type": "Base64 High Entropy String",
        "verified_result": null
      },
      {
        "hashed_secret": "f62b4913b6f20ea90ee9329f2f54305c22d5e21d",
        "is_secret": false,
        "is_verified": false,
        "line_number": 10863,
        "type": "Base64 High Entropy String",
        "verified_result": null
      },
      {
        "hashed_secret": "89fc68288b80c688131c90db3f7e006a95e8d96e",
        "is_secret": false,
        "is_verified": false,
        "line_number": 11252,
        "type": "Base64 High Entropy String",
        "verified_result": null
      },
      {
        "hashed_secret": "69e38f6cad2863341c1ab3fa38eb1c25950646ba",
        "is_secret": false,
        "is_verified": false,
        "line_number": 11417,
        "type": "Base64 High Entropy String",
        "verified_result": null
      },
      {
        "hashed_secret": "ec054746e555e2685945433bc61e30fbb56275da",
        "is_secret": false,
        "is_verified": false,
        "line_number": 11582,
        "type": "Base64 High Entropy String",
        "verified_result": null
      },
      {
        "hashed_secret": "4351f95520472f6e100300395e4e83ab663573ab",
        "is_secret": false,
        "is_verified": false,
        "line_number": 11781,
        "type": "Base64 High Entropy String",
        "verified_result": null
      },
      {
        "hashed_secret": "be24e015a1c6a1b2505d2611255b29097e2dc5d4",
        "is_secret": false,
        "is_verified": false,
        "line_number": 12058,
        "type": "Base64 High Entropy String",
        "verified_result": null
      },
      {
        "hashed_secret": "d9144037ff88f9642ae6ae657bd7cff5399fc12f",
        "is_secret": false,
        "is_verified": false,
        "line_number": 12094,
        "type": "Base64 High Entropy String",
        "verified_result": null
      },
      {
        "hashed_secret": "9f64dac3abfdf2488f3b387ef254f347c10d3a34",
        "is_secret": false,
        "is_verified": false,
        "line_number": 12335,
        "type": "Base64 High Entropy String",
        "verified_result": null
      },
      {
        "hashed_secret": "de8e787801dba27d3eaf68c858f953581b128763",
        "is_secret": false,
        "is_verified": false,
        "line_number": 13704,
        "type": "Base64 High Entropy String",
        "verified_result": null
      },
      {
        "hashed_secret": "4dc09c455c65dc64642f0538633c280d704d8ac3",
        "is_secret": false,
        "is_verified": false,
        "line_number": 153706,
        "type": "Base64 High Entropy String",
        "verified_result": null
      },
      {
        "hashed_secret": "efa02b3445238efdda87f8145ec32ccfd91838b7",
        "is_secret": false,
        "is_verified": false,
        "line_number": 154526,
        "type": "Base64 High Entropy String",
        "verified_result": null
      },
      {
        "hashed_secret": "f5bc9b4f5e3023dc7ebfbf242ac1e71129dab132",
        "is_secret": false,
        "is_verified": false,
        "line_number": 159427,
        "type": "Base64 High Entropy String",
        "verified_result": null
      }
    ]
  },
  "version": "0.13.1+ibm.64.dss",
  "word_list": {
    "file": null,
    "hash": null
  }
}
