{
  "exclude": {
    "files": "^.secrets.baseline$",
    "lines": null
  },
  "generated_at": "2025-10-15T06:12:17Z",
  "plugins_used": [
    {
      "name": "AWSKeyDetector"
    },
    {
      "name": "ArtifactoryDetector"
    },
    {
      "name": "AzureStorageKeyDetector"
    },
    {
      "base64_limit": 4.5,
      "name": "Base64HighEntropyString"
    },
    {
      "name": "BasicAuthDetector"
    },
    {
      "name": "BoxDetector"
    },
    {
      "name": "CloudantDetector"
    },
    {
      "ghe_instance": "github.ibm.com",
      "name": "GheDetector"
    },
    {
      "name": "GitHubTokenDetector"
    },
    {
      "hex_limit": 3,
      "name": "HexHighEntropyString"
    },
    {
      "name": "IbmCloudIamDetector"
    },
    {
      "name": "IbmCosHmacDetector"
    },
    {
      "name": "JwtTokenDetector"
    },
    {
      "keyword_exclude": null,
      "name": "KeywordDetector"
    },
    {
      "name": "MailchimpDetector"
    },
    {
      "name": "NpmDetector"
    },
    {
      "name": "PrivateKeyDetector"
    },
    {
      "name": "SlackDetector"
    },
    {
      "name": "SoftlayerDetector"
    },
    {
      "name": "SquareOAuthDetector"
    },
    {
      "name": "StripeDetector"
    },
    {
      "name": "TwilioKeyDetector"
    }
  ],
  "results": {
    "README.md": [
      {
        "hashed_secret": "36c3eaa0e1e290f41e2810bae8d9502c785e92d9",
        "is_secret": false,
        "is_verified": false,
        "line_number": 40,
        "type": "Secret Keyword",
        "verified_result": null
      }
    ],
    "altk/post_tool_reflection_toolkit/examples/codegen_getting_started.ipynb": [
      {
        "hashed_secret": "825d2d3140c938e0824228fdbdffc36b1fffd8d2",
        "is_secret": false,
        "is_verified": false,
        "line_number": 1159,
        "type": "Secret Keyword",
        "verified_result": null
      }
    ],
    "altk/post_tool_reflection_toolkit/rag_repair/README.md": [
      {
        "hashed_secret": "e253731ea5c795b60f81485cb343a8b7f913ff3f",
        "is_secret": false,
        "is_verified": false,
        "line_number": 92,
        "type": "Secret Keyword",
        "verified_result": null
      }
    ],
    "altk/pre_tool_guard_toolkit/README.md": [
      {
        "hashed_secret": "7c3785d641e675d364af6d21386a3571d77e5cb4",
        "is_secret": false,
        "is_verified": false,
        "line_number": 25,
        "type": "Secret Keyword",
        "verified_result": null
      }
    ],
    "altk/toolkit_core/llm/README.md": [
      {
        "hashed_secret": "fff76c4269131e2b7f7435a21d6422fef151fe47",
        "is_secret": false,
        "is_verified": false,
        "line_number": 34,
        "type": "Secret Keyword",
        "verified_result": null
      },
      {
        "hashed_secret": "564ebc60b68d53b27c630da8736bd88846baceb8",
        "is_secret": false,
        "is_verified": false,
        "line_number": 79,
        "type": "Secret Keyword",
        "verified_result": null
      },
      {
        "hashed_secret": "36c3eaa0e1e290f41e2810bae8d9502c785e92d9",
        "is_secret": false,
        "is_verified": false,
        "line_number": 86,
        "type": "Secret Keyword",
        "verified_result": null
      },
      {
        "hashed_secret": "6eae3a5b062c6d0d79f070c26e6d62486b40cb46",
        "is_secret": false,
        "is_verified": false,
        "line_number": 216,
        "type": "Secret Keyword",
        "verified_result": null
      },
      {
        "hashed_secret": "6d9c68c603e465077bdd49c62347fe54717f83a3",
        "is_secret": false,
        "is_verified": false,
        "line_number": 362,
        "type": "Secret Keyword",
        "verified_result": null
      },
      {
        "hashed_secret": "df316e17de9c36858417ba18e0da4da282dea84a",
        "is_secret": false,
        "is_verified": false,
        "line_number": 518,
        "type": "Secret Keyword",
        "verified_result": null
      }
    ],
    "altk/toolkit_core/llm/providers/consts.py": [
      {
        "hashed_secret": "a9667fff6d90f827c87642c1701c98c3d4efa66a",
        "is_secret": false,
        "is_verified": false,
        "line_number": 1,
        "type": "Secret Keyword",
        "verified_result": null
      },
      {
        "hashed_secret": "b674caa74800115f975883bb089b5be7f04ee3a8",
        "is_secret": false,
        "is_verified": false,
        "line_number": 4,
        "type": "Secret Keyword",
        "verified_result": null
      }
    ],
    "examples/.env.example": [
      {
        "hashed_secret": "d08f88df745fa7950b104e4a707a31cfce7b5841",
        "is_secret": false,
        "is_verified": false,
        "line_number": 22,
        "type": "Secret Keyword",
        "verified_result": null
      }
    ],
    "examples/codegen_getting_started.ipynb": [
      {
        "hashed_secret": "825d2d3140c938e0824228fdbdffc36b1fffd8d2",
        "is_secret": false,
        "is_verified": false,
        "line_number": 1159,
        "type": "Secret Keyword",
        "verified_result": null
      }
    ],
    "tests/toolkit_core/README.md": [
      {
        "hashed_secret": "c6bebac7ac267cd09b766423e74551efde2e8fc5",
        "is_secret": false,
        "is_verified": false,
        "line_number": 166,
        "type": "Secret Keyword",
        "verified_result": null
      },
      {
        "hashed_secret": "2c27a764c5ad4325f1624fb5c5b4ff76fa8c7cf7",
        "is_secret": false,
        "is_verified": false,
        "line_number": 173,
        "type": "Secret Keyword",
        "verified_result": null
      }
    ],
    "tests/utils/refraction/data/test_step_by_step_no_memory.json": [
      {
        "hashed_secret": "8eb74fa0678432f5cf828b4ca7401e6ee0e421df",
        "is_secret": false,
        "is_verified": false,
        "line_number": 9037,
        "type": "Base64 High Entropy String",
        "verified_result": null
      },
      {
        "hashed_secret": "375f5761023f9ba445ac7e54836b276bae51ee39",
        "is_secret": false,
        "is_verified": false,
        "line_number": 9581,
        "type": "Base64 High Entropy String",
        "verified_result": null
      },
      {
        "hashed_secret": "a829a4d064e5823b3638fee4469c249ec6aa7df2",
        "is_secret": false,
        "is_verified": false,
        "line_number": 9746,
        "type": "Base64 High Entropy String",
        "verified_result": null
      },
      {
        "hashed_secret": "c5768982bbc7b10a0972d97a1d84d66256a572b3",
        "is_secret": false,
        "is_verified": false,
        "line_number": 9906,
        "type": "Base64 High Entropy String",
        "verified_result": null
      },
      {
        "hashed_secret": "4ad71080e1c028ceaa013a388087c8b04eea37d1",
        "is_secret": false,
        "is_verified": false,
        "line_number": 10076,
        "type": "Base64 High Entropy String",
        "verified_result": null
      },
      {
        "hashed_secret": "79242db66b86803f4820a166e6e16bfe95ec90c8",
        "is_secret": false,
        "is_verified": false,
        "line_number": 10241,
        "type": "Base64 High Entropy String",
        "verified_result": null
      },
      {
        "hashed_secret": "044ad63fdfc81e3e9b545da1ac2b90f20cceaeae",
        "is_secret": false,
        "is_verified": false,
        "line_number": 10406,
        "type": "Base64 High Entropy String",
        "verified_result": null
      },
      {
        "hashed_secret": "266d7e95518e2411192524f582acb4da797bcc8b",
        "is_secret": false,
        "is_verified": false,
        "line_number": 10576,
        "type": "Base64 High Entropy String",
        "verified_result": null
      },
      {
        "hashed_secret": "f62b4913b6f20ea90ee9329f2f54305c22d5e21d",
        "is_secret": false,
        "is_verified": false,
        "line_number": 10863,
        "type": "Base64 High Entropy String",
        "verified_result": null
      },
      {
        "hashed_secret": "89fc68288b80c688131c90db3f7e006a95e8d96e",
        "is_secret": false,
        "is_verified": false,
        "line_number": 11252,
        "type": "Base64 High Entropy String",
        "verified_result": null
      },
      {
        "hashed_secret": "69e38f6cad2863341c1ab3fa38eb1c25950646ba",
        "is_secret": false,
        "is_verified": false,
        "line_number": 11417,
        "type": "Base64 High Entropy String",
        "verified_result": null
      },
      {
        "hashed_secret": "ec054746e555e2685945433bc61e30fbb56275da",
        "is_secret": false,
        "is_verified": false,
        "line_number": 11582,
        "type": "Base64 High Entropy String",
        "verified_result": null
      },
      {
        "hashed_secret": "4351f95520472f6e100300395e4e83ab663573ab",
        "is_secret": false,
        "is_verified": false,
        "line_number": 11781,
        "type": "Base64 High Entropy String",
        "verified_result": null
      },
      {
        "hashed_secret": "be24e015a1c6a1b2505d2611255b29097e2dc5d4",
        "is_secret": false,
        "is_verified": false,
        "line_number": 12058,
        "type": "Base64 High Entropy String",
        "verified_result": null
      },
      {
        "hashed_secret": "d9144037ff88f9642ae6ae657bd7cff5399fc12f",
        "is_secret": false,
        "is_verified": false,
        "line_number": 12094,
        "type": "Base64 High Entropy String",
        "verified_result": null
      },
      {
        "hashed_secret": "9f64dac3abfdf2488f3b387ef254f347c10d3a34",
        "is_secret": false,
        "is_verified": false,
        "line_number": 12335,
        "type": "Base64 High Entropy String",
        "verified_result": null
      },
      {
        "hashed_secret": "de8e787801dba27d3eaf68c858f953581b128763",
        "is_secret": false,
        "is_verified": false,
        "line_number": 13704,
        "type": "Base64 High Entropy String",
        "verified_result": null
      },
      {
        "hashed_secret": "4dc09c455c65dc64642f0538633c280d704d8ac3",
        "is_secret": false,
        "is_verified": false,
        "line_number": 153706,
        "type": "Base64 High Entropy String",
        "verified_result": null
      },
      {
        "hashed_secret": "efa02b3445238efdda87f8145ec32ccfd91838b7",
        "is_secret": false,
        "is_verified": false,
        "line_number": 154526,
        "type": "Base64 High Entropy String",
        "verified_result": null
      },
      {
        "hashed_secret": "f5bc9b4f5e3023dc7ebfbf242ac1e71129dab132",
        "is_secret": false,
        "is_verified": false,
        "line_number": 159427,
        "type": "Base64 High Entropy String",
        "verified_result": null
      }
    ]
  },
  "version": "0.13.1+ibm.64.dss",
  "word_list": {
    "file": null,
    "hash": null
  }
}
